// Jest Snapshot v1, https://goo.gl/fbAQLP

exports[`rendering toast 1`] = `
<div
  className="sc-bcXHqe cBfWNP"
  onMouseDown={[Function]}
  onMouseUp={[Function]}
  type="success"
>
  <div
    className="sc-gswNZR bblguL"
    type="success"
  />
  <div
    className="sc-dkrFOg uzKwX"
    type="success"
  >
    <h2
      className="sc-hLBbgP hNGiGF"
    >
      hi
    </h2>
    <p
      className="sc-eDvSVe kxdvCy"
    >
      hello
    </p>
  </div>
  <div
    className="sc-jSUZER VCAhw"
    onClick={[Function]}
    type="success"
  />
</div>
`;
